exports[`test renders correctly 1`] = `
<View
  style={
    Object {
      "alignItems": "stretch",
      "backgroundColor": "#dcebfc",
      "flex": 1,
      "justifyContent": "center",
    }
  }>
  <View
    style={
      Object {
        "alignItems": "center",
        "flex": 10,
        "justifyContent": "center",
      }
    }>
    <Text
      accessible={true}
      allowFontScaling={true}
      ellipsizeMode="tail"
      style={
        Object {
          "alignItems": "center",
          "backgroundColor": "#FFFF31",
          "borderRadius": 5,
          "borderWidth": 1,
          "fontSize": 20,
          "fontWeight": "600",
          "justifyContent": "center",
          "width": 250,
        }
      }>
      Enter user nickname!
    </Text>
    <TextInput
      onChangeText={[Function]}
      placeholder="ex: jdoe530"
      style={
        Object {
          "backgroundColor": "white",
          "borderColor": "black",
          "height": 40,
          "margin": 20,
          "padding": 5,
          "width": 250,
        }
      }
      value="" />
    <View
      accessibilityComponentType={undefined}
      accessibilityLabel={undefined}
      accessibilityTraits={undefined}
      accessible={true}
      hitSlop={undefined}
      isTVSelectable={true}
      onLayout={undefined}
      onResponderGrant={[Function]}
      onResponderMove={[Function]}
      onResponderRelease={[Function]}
      onResponderTerminate={[Function]}
      onResponderTerminationRequest={[Function]}
      onStartShouldSetResponder={[Function]}
      style={
        Object {
          "backgroundColor": "#4392F1",
          "borderRadius": 5,
          "borderWidth": 0,
          "height": 50,
          "marginTop": 5,
          "opacity": 1,
          "padding": 10,
          "width": 250,
        }
      }
      testID={undefined}
      tvParallaxProperties={undefined}>
      <Text
        accessible={true}
        allowFontScaling={true}
        ellipsizeMode="tail"
        style={
          Object {
            "alignSelf": "center",
            "color": "#FFFFFF",
            "fontSize": 20,
            "fontWeight": "600",
            "textAlign": "center",
            "width": 50,
          }
        }>
        Next
      </Text>
    </View>
  </View>
</View>
`;
