exports[`test renders correctly 1`] = `
<View
  style={
    Object {
      "alignItems": "stretch",
      "flex": 1,
    }
  }>
  <View
    style={
      Object {
        "alignItems": "center",
        "backgroundColor": "#F5FCFF",
        "flex": 3,
        "flexDirection": "row",
        "justifyContent": "flex-start",
      }
    }>
    <View
      style={
        Object {
          "flex": 2,
        }
      } />
    <View
      style={
        Object {
          "flex": 6,
        }
      }>
      <View
        style={
          Object {
            "flex": 6,
          }
        } />
      <Text
        accessible={true}
        allowFontScaling={true}
        ellipsizeMode="tail"
        style={
          Object {
            "color": "#0C2C52",
            "fontSize": 30,
          }
        }>
        Login:
      </Text>
    </View>
    <View
      style={
        Object {
          "flex": 2,
        }
      } />
  </View>
  <View
    style={
      Object {
        "alignItems": "center",
        "backgroundColor": "#F5FCFF",
        "flex": 7,
        "flexDirection": "row",
        "justifyContent": "center",
      }
    }>
    <View
      style={
        Object {
          "flex": 2,
        }
      } />
    <View
      style={
        Object {
          "flex": 6,
          "flexDirection": "column",
        }
      }>
      <View
        style={
          Object {
            "flex": 3,
            "flexDirection": "column",
            "justifyContent": "center",
          }
        }>
        <TextInput
          onChangeText={[Function]}
          placeholder="Email Address"
          style={
            Object {
              "backgroundColor": "#DCF0F7",
              "borderWidth": 0,
              "height": 40,
            }
          }
          value="" />
        <View
          style={
            Object {
              "flex": 0.5,
            }
          } />
        <TextInput
          onChangeText={[Function]}
          placeholder="Password"
          secureTextEntry={true}
          style={
            Object {
              "backgroundColor": "#DCF0F7",
              "borderWidth": 0,
              "height": 40,
            }
          }
          value="" />
        <View
          style={
            Object {
              "flex": 9.5,
              "flexDirection": "column",
              "justifyContent": "center",
            }
          }>
          <View
            accessibilityComponentType={undefined}
            accessibilityLabel={undefined}
            accessibilityTraits={undefined}
            accessible={true}
            hitSlop={undefined}
            isTVSelectable={true}
            onLayout={undefined}
            onResponderGrant={[Function]}
            onResponderMove={[Function]}
            onResponderRelease={[Function]}
            onResponderTerminate={[Function]}
            onResponderTerminationRequest={[Function]}
            onStartShouldSetResponder={[Function]}
            style={
              Object {
                "opacity": 1,
              }
            }
            testID={undefined}
            tvParallaxProperties={undefined}>
            <View
              style={
                Object {
                  "alignItems": "center",
                  "backgroundColor": "#5E9DC8",
                  "height": 45,
                  "justifyContent": "center",
                }
              }>
              <Text
                accessible={true}
                allowFontScaling={true}
                ellipsizeMode="tail"
                style={
                  Object {
                    "color": "white",
                    "fontSize": 18,
                  }
                }>
                Login
              </Text>
            </View>
          </View>
          <View
            accessibilityComponentType={undefined}
            accessibilityLabel={undefined}
            accessibilityTraits={undefined}
            accessible={true}
            hitSlop={undefined}
            isTVSelectable={true}
            onLayout={undefined}
            onResponderGrant={[Function]}
            onResponderMove={[Function]}
            onResponderRelease={[Function]}
            onResponderTerminate={[Function]}
            onResponderTerminationRequest={[Function]}
            onStartShouldSetResponder={[Function]}
            style={
              Object {
                "opacity": 1,
              }
            }
            testID={undefined}
            tvParallaxProperties={undefined}>
            <View
              style={
                Object {
                  "alignItems": "center",
                  "backgroundColor": "transparent",
                  "height": 45,
                  "justifyContent": "center",
                }
              }>
              <Text
                accessible={true}
                allowFontScaling={true}
                ellipsizeMode="tail"
                style={
                  Object {
                    "color": "#5F6B61",
                    "fontSize": 14,
                  }
                }>
                Need Account?
              </Text>
            </View>
          </View>
        </View>
      </View>
    </View>
    <View
      style={
        Object {
          "flex": 2,
        }
      } />
  </View>
</View>
`;
