exports[`test renders correctly 1`] = `
<View
  style={
    Object {
      "alignItems": "stretch",
      "backgroundColor": "#00BFFF",
      "flex": 1,
    }
  }>
  <Text
    accessible={true}
    allowFontScaling={true}
    ellipsizeMode="tail"
    style={
      Object {
        "fontSize": 40,
        "fontWeight": "bold",
        "marginBottom": 75,
        "marginTop": 75,
        "textAlign": "center",
      }
    }>
    New Card
  </Text>
  <TextInput
    onChangeText={[Function]}
    placeholder="Name for the Card"
    style={
      Object {
        "backgroundColor": "#F7FFF7",
        "borderColor": "black",
        "borderWidth": 2,
        "height": 40,
        "margin": 12,
      }
    } />
  <TextInput
    onChangeText={[Function]}
    placeholder="Card Number"
    style={
      Object {
        "backgroundColor": "#F7FFF7",
        "borderColor": "black",
        "borderWidth": 2,
        "height": 40,
        "margin": 12,
      }
    } />
  <TextInput
    onChangeText={[Function]}
    placeholder="Expiration Month"
    style={
      Object {
        "backgroundColor": "#F7FFF7",
        "borderColor": "black",
        "borderWidth": 2,
        "height": 40,
        "margin": 12,
      }
    } />
  <TextInput
    onChangeText={[Function]}
    placeholder="Expiration Year"
    style={
      Object {
        "backgroundColor": "#F7FFF7",
        "borderColor": "black",
        "borderWidth": 2,
        "height": 40,
        "margin": 12,
      }
    } />
  <TextInput
    onChangeText={[Function]}
    placeholder="Card CVC"
    style={
      Object {
        "backgroundColor": "#F7FFF7",
        "borderColor": "black",
        "borderWidth": 2,
        "height": 40,
        "margin": 12,
      }
    } />
  <View
    accessibilityComponentType={undefined}
    accessibilityLabel={undefined}
    accessibilityTraits={undefined}
    accessible={true}
    hitSlop={undefined}
    isTVSelectable={true}
    onLayout={undefined}
    onResponderGrant={[Function]}
    onResponderMove={[Function]}
    onResponderRelease={[Function]}
    onResponderTerminate={[Function]}
    onResponderTerminationRequest={[Function]}
    onStartShouldSetResponder={[Function]}
    style={
      Object {
        "opacity": 1,
      }
    }
    testID={undefined}
    tvParallaxProperties={undefined}>
    <Text
      accessible={true}
      allowFontScaling={true}
      ellipsizeMode="tail"
      style={
        Object {
          "backgroundColor": "#F7FFF7",
          "borderColor": "black",
          "borderWidth": 1,
          "fontSize": 20,
          "margin": 20,
          "marginLeft": 20,
          "textAlign": "center",
        }
      }>
      Submit
    </Text>
  </View>
</View>
`;
