exports[`test renders correctly 1`] = `
<View
  style={
    Object {
      "flex": 1,
    }
  }>
  <View
    style={
      Object {
        "alignItems": "center",
        "backgroundColor": "#F7FFF7",
        "borderBottomWidth": 1,
        "borderColor": "#506c64",
        "flex": 1,
        "flexDirection": "row",
        "justifyContent": "flex-start",
      }
    }>
    <View
      style={
        Object {
          "flex": 0.3,
        }
      } />
    <View
      style={
        Object {
          "alignItems": "center",
          "flex": 9.4,
          "flexDirection": "row",
        }
      }>
      <View
        accessibilityComponentType={undefined}
        accessibilityLabel={undefined}
        accessibilityTraits={undefined}
        accessible={true}
        hitSlop={undefined}
        isTVSelectable={true}
        onLayout={undefined}
        onResponderGrant={[Function]}
        onResponderMove={[Function]}
        onResponderRelease={[Function]}
        onResponderTerminate={[Function]}
        onResponderTerminationRequest={[Function]}
        onStartShouldSetResponder={[Function]}
        style={
          Object {
            "opacity": 1,
          }
        }
        testID={undefined}
        tvParallaxProperties={undefined}>
        <Image
          source={1}
          style={
            Object {
              "height": 28,
              "width": 28,
            }
          } />
      </View>
      <View
        style={
          Object {
            "flex": 1,
          }
        } />
      <Text
        accessible={true}
        allowFontScaling={true}
        ellipsizeMode="tail"
        style={
          Object {
            "color": "#42033D",
            "fontSize": 25,
          }
        }>
        Settings
      </Text>
      <View
        style={
          Object {
            "flex": 1,
          }
        } />
    </View>
    <View
      accessibilityComponentType={undefined}
      accessibilityLabel={undefined}
      accessibilityTraits={undefined}
      accessible={true}
      hitSlop={undefined}
      isTVSelectable={true}
      onLayout={undefined}
      onResponderGrant={[Function]}
      onResponderMove={[Function]}
      onResponderRelease={[Function]}
      onResponderTerminate={[Function]}
      onResponderTerminationRequest={[Function]}
      onStartShouldSetResponder={[Function]}
      style={
        Object {
          "opacity": 1,
        }
      }
      testID={undefined}
      tvParallaxProperties={undefined}>
      <View
        style={
          Object {
            "alignItems": "center",
            "backgroundColor": "#4392f1",
            "borderRadius": 5,
            "height": 36,
            "justifyContent": "center",
            "width": 72,
          }
        }>
        <Text
          accessible={true}
          allowFontScaling={true}
          ellipsizeMode="tail"
          style={
            Object {
              "color": "white",
              "fontSize": 14,
            }
          }>
          Log out
        </Text>
      </View>
    </View>
    <View
      style={
        Object {
          "flex": 0.3,
        }
      } />
  </View>
  <View
    style={
      Object {
        "flex": 9,
      }
    } />
</View>
`;
